生成启动时间为 2026-09-13 22:12:29。
     1>项目“C:\Users\Lenovo\Documents\Visual Studio 2010\Projects\练习\练习\练习.vcxproj”在节点 2 上(build 个目标)。
     1>InitializeBuildStatus:
         正在对“Debug\练习.unsuccessfulbuild”执行 Touch 任务。
       ClCompile:
         C:\Program Files (x86)\Microsoft Visual Studio 10.0\VC\bin\CL.exe /c /Zi /nologo /W3 /WX- /Od /Oy- /D _UNICODE /D UNICODE /Gm /EHsc /RTC1 /MDd /GS /fp:precise /Zc:wchar_t /Zc:forScope /Fo"Debug\\" /Fd"Debug\vc100.pdb" /Gd /TC /analyze- /errorReport:prompt DS002.c
         DS002.c
     1>C:\Program Files (x86)\Microsoft Visual Studio 10.0\VC\include\cmath(19): error C2061: 语法错误: 标识符“acosf”
     1>C:\Program Files (x86)\Microsoft Visual Studio 10.0\VC\include\cmath(19): error C2059: 语法错误:“;”
     1>C:\Program Files (x86)\Microsoft Visual Studio 10.0\VC\include\cmath(19): error C2061: 语法错误: 标识符“asinf”
     1>C:\Program Files (x86)\Microsoft Visual Studio 10.0\VC\include\cmath(19): error C2059: 语法错误:“;”
     1>C:\Program Files (x86)\Microsoft Visual Studio 10.0\VC\include\cmath(20): error C2061: 语法错误: 标识符“atanf”
     1>C:\Program Files (x86)\Microsoft Visual Studio 10.0\VC\include\cmath(20): error C2059: 语法错误:“;”
     1>C:\Program Files (x86)\Microsoft Visual Studio 10.0\VC\include\cmath(20): error C2061: 语法错误: 标识符“atan2f”
     1>C:\Program Files (x86)\Microsoft Visual Studio 10.0\VC\include\cmath(20): error C2059: 语法错误:“;”
     1>C:\Program Files (x86)\Microsoft Visual Studio 10.0\VC\include\cmath(20): error C2061: 语法错误: 标识符“ceilf”
     1>C:\Program Files (x86)\Microsoft Visual Studio 10.0\VC\include\cmath(20): error C2059: 语法错误:“;”
     1>C:\Program Files (x86)\Microsoft Visual Studio 10.0\VC\include\cmath(21): error C2061: 语法错误: 标识符“cosf”
     1>C:\Program Files (x86)\Microsoft Visual Studio 10.0\VC\include\cmath(21): error C2059: 语法错误:“;”
     1>C:\Program Files (x86)\Microsoft Visual Studio 10.0\VC\include\cmath(21): error C2061: 语法错误: 标识符“coshf”
     1>C:\Program Files (x86)\Microsoft Visual Studio 10.0\VC\include\cmath(21): error C2059: 语法错误:“;”
     1>C:\Program Files (x86)\Microsoft Visual Studio 10.0\VC\include\cmath(21): error C2061: 语法错误: 标识符“expf”
     1>C:\Program Files (x86)\Microsoft Visual Studio 10.0\VC\include\cmath(21): error C2059: 语法错误:“;”
     1>C:\Program Files (x86)\Microsoft Visual Studio 10.0\VC\include\cmath(22): error C2061: 语法错误: 标识符“fabsf”
     1>C:\Program Files (x86)\Microsoft Visual Studio 10.0\VC\include\cmath(22): error C2059: 语法错误:“;”
     1>C:\Program Files (x86)\Microsoft Visual Studio 10.0\VC\include\cmath(22): error C2061: 语法错误: 标识符“floorf”
     1>C:\Program Files (x86)\Microsoft Visual Studio 10.0\VC\include\cmath(22): error C2059: 语法错误:“;”
     1>C:\Program Files (x86)\Microsoft Visual Studio 10.0\VC\include\cmath(22): error C2061: 语法错误: 标识符“fmodf”
     1>C:\Program Files (x86)\Microsoft Visual Studio 10.0\VC\include\cmath(22): error C2059: 语法错误:“;”
     1>C:\Program Files (x86)\Microsoft Visual Studio 10.0\VC\include\cmath(23): error C2061: 语法错误: 标识符“frexpf”
     1>C:\Program Files (x86)\Microsoft Visual Studio 10.0\VC\include\cmath(23): error C2059: 语法错误:“;”
     1>C:\Program Files (x86)\Microsoft Visual Studio 10.0\VC\include\cmath(23): error C2061: 语法错误: 标识符“ldexpf”
     1>C:\Program Files (x86)\Microsoft Visual Studio 10.0\VC\include\cmath(23): error C2059: 语法错误:“;”
     1>C:\Program Files (x86)\Microsoft Visual Studio 10.0\VC\include\cmath(23): error C2061: 语法错误: 标识符“logf”
     1>C:\Program Files (x86)\Microsoft Visual Studio 10.0\VC\include\cmath(23): error C2059: 语法错误:“;”
     1>C:\Program Files (x86)\Microsoft Visual Studio 10.0\VC\include\cmath(24): error C2061: 语法错误: 标识符“log10f”
     1>C:\Program Files (x86)\Microsoft Visual Studio 10.0\VC\include\cmath(24): error C2059: 语法错误:“;”
     1>C:\Program Files (x86)\Microsoft Visual Studio 10.0\VC\include\cmath(24): error C2061: 语法错误: 标识符“modff”
     1>C:\Program Files (x86)\Microsoft Visual Studio 10.0\VC\include\cmath(24): error C2059: 语法错误:“;”
     1>C:\Program Files (x86)\Microsoft Visual Studio 10.0\VC\include\cmath(24): error C2061: 语法错误: 标识符“powf”
     1>C:\Program Files (x86)\Microsoft Visual Studio 10.0\VC\include\cmath(24): error C2059: 语法错误:“;”
     1>C:\Program Files (x86)\Microsoft Visual Studio 10.0\VC\include\cmath(25): error C2061: 语法错误: 标识符“sinf”
     1>C:\Program Files (x86)\Microsoft Visual Studio 10.0\VC\include\cmath(25): error C2059: 语法错误:“;”
     1>C:\Program Files (x86)\Microsoft Visual Studio 10.0\VC\include\cmath(25): error C2061: 语法错误: 标识符“sinhf”
     1>C:\Program Files (x86)\Microsoft Visual Studio 10.0\VC\include\cmath(25): error C2059: 语法错误:“;”
     1>C:\Program Files (x86)\Microsoft Visual Studio 10.0\VC\include\cmath(25): error C2061: 语法错误: 标识符“sqrtf”
     1>C:\Program Files (x86)\Microsoft Visual Studio 10.0\VC\include\cmath(25): error C2059: 语法错误:“;”
     1>C:\Program Files (x86)\Microsoft Visual Studio 10.0\VC\include\cmath(26): error C2061: 语法错误: 标识符“tanf”
     1>C:\Program Files (x86)\Microsoft Visual Studio 10.0\VC\include\cmath(26): error C2059: 语法错误:“;”
     1>C:\Program Files (x86)\Microsoft Visual Studio 10.0\VC\include\cmath(26): error C2061: 语法错误: 标识符“tanhf”
     1>C:\Program Files (x86)\Microsoft Visual Studio 10.0\VC\include\cmath(26): error C2059: 语法错误:“;”
     1>C:\Program Files (x86)\Microsoft Visual Studio 10.0\VC\include\cmath(28): error C2061: 语法错误: 标识符“acosl”
     1>C:\Program Files (x86)\Microsoft Visual Studio 10.0\VC\include\cmath(28): error C2059: 语法错误:“;”
     1>C:\Program Files (x86)\Microsoft Visual Studio 10.0\VC\include\cmath(28): error C2061: 语法错误: 标识符“asinl”
     1>C:\Program Files (x86)\Microsoft Visual Studio 10.0\VC\include\cmath(28): error C2059: 语法错误:“;”
     1>C:\Program Files (x86)\Microsoft Visual Studio 10.0\VC\include\cmath(29): error C2061: 语法错误: 标识符“atanl”
     1>C:\Program Files (x86)\Microsoft Visual Studio 10.0\VC\include\cmath(29): error C2059: 语法错误:“;”
     1>C:\Program Files (x86)\Microsoft Visual Studio 10.0\VC\include\cmath(29): error C2061: 语法错误: 标识符“atan2l”
     1>C:\Program Files (x86)\Microsoft Visual Studio 10.0\VC\include\cmath(29): error C2059: 语法错误:“;”
     1>C:\Program Files (x86)\Microsoft Visual Studio 10.0\VC\include\cmath(29): error C2061: 语法错误: 标识符“ceill”
     1>C:\Program Files (x86)\Microsoft Visual Studio 10.0\VC\include\cmath(29): error C2059: 语法错误:“;”
     1>C:\Program Files (x86)\Microsoft Visual Studio 10.0\VC\include\cmath(30): error C2061: 语法错误: 标识符“cosl”
     1>C:\Program Files (x86)\Microsoft Visual Studio 10.0\VC\include\cmath(30): error C2059: 语法错误:“;”
     1>C:\Program Files (x86)\Microsoft Visual Studio 10.0\VC\include\cmath(30): error C2061: 语法错误: 标识符“coshl”
     1>C:\Program Files (x86)\Microsoft Visual Studio 10.0\VC\include\cmath(30): error C2059: 语法错误:“;”
     1>C:\Program Files (x86)\Microsoft Visual Studio 10.0\VC\include\cmath(30): error C2061: 语法错误: 标识符“expl”
     1>C:\Program Files (x86)\Microsoft Visual Studio 10.0\VC\include\cmath(30): error C2059: 语法错误:“;”
     1>C:\Program Files (x86)\Microsoft Visual Studio 10.0\VC\include\cmath(31): error C2061: 语法错误: 标识符“fabsl”
     1>C:\Program Files (x86)\Microsoft Visual Studio 10.0\VC\include\cmath(31): error C2059: 语法错误:“;”
     1>C:\Program Files (x86)\Microsoft Visual Studio 10.0\VC\include\cmath(31): error C2061: 语法错误: 标识符“floorl”
     1>C:\Program Files (x86)\Microsoft Visual Studio 10.0\VC\include\cmath(31): error C2059: 语法错误:“;”
     1>C:\Program Files (x86)\Microsoft Visual Studio 10.0\VC\include\cmath(31): error C2061: 语法错误: 标识符“fmodl”
     1>C:\Program Files (x86)\Microsoft Visual Studio 10.0\VC\include\cmath(31): error C2059: 语法错误:“;”
     1>C:\Program Files (x86)\Microsoft Visual Studio 10.0\VC\include\cmath(32): error C2061: 语法错误: 标识符“frexpl”
     1>C:\Program Files (x86)\Microsoft Visual Studio 10.0\VC\include\cmath(32): error C2059: 语法错误:“;”
     1>C:\Program Files (x86)\Microsoft Visual Studio 10.0\VC\include\cmath(32): error C2061: 语法错误: 标识符“ldexpl”
     1>C:\Program Files (x86)\Microsoft Visual Studio 10.0\VC\include\cmath(32): error C2059: 语法错误:“;”
     1>C:\Program Files (x86)\Microsoft Visual Studio 10.0\VC\include\cmath(32): error C2061: 语法错误: 标识符“logl”
     1>C:\Program Files (x86)\Microsoft Visual Studio 10.0\VC\include\cmath(32): error C2059: 语法错误:“;”
     1>C:\Program Files (x86)\Microsoft Visual Studio 10.0\VC\include\cmath(33): error C2061: 语法错误: 标识符“log10l”
     1>C:\Program Files (x86)\Microsoft Visual Studio 10.0\VC\include\cmath(33): error C2059: 语法错误:“;”
     1>C:\Program Files (x86)\Microsoft Visual Studio 10.0\VC\include\cmath(33): error C2061: 语法错误: 标识符“modfl”
     1>C:\Program Files (x86)\Microsoft Visual Studio 10.0\VC\include\cmath(33): error C2059: 语法错误:“;”
     1>C:\Program Files (x86)\Microsoft Visual Studio 10.0\VC\include\cmath(33): error C2061: 语法错误: 标识符“powl”
     1>C:\Program Files (x86)\Microsoft Visual Studio 10.0\VC\include\cmath(33): error C2059: 语法错误:“;”
     1>C:\Program Files (x86)\Microsoft Visual Studio 10.0\VC\include\cmath(34): error C2061: 语法错误: 标识符“sinl”
     1>C:\Program Files (x86)\Microsoft Visual Studio 10.0\VC\include\cmath(34): error C2059: 语法错误:“;”
     1>C:\Program Files (x86)\Microsoft Visual Studio 10.0\VC\include\cmath(34): error C2061: 语法错误: 标识符“sinhl”
     1>C:\Program Files (x86)\Microsoft Visual Studio 10.0\VC\include\cmath(34): error C2059: 语法错误:“;”
     1>C:\Program Files (x86)\Microsoft Visual Studio 10.0\VC\include\cmath(34): error C2061: 语法错误: 标识符“sqrtl”
     1>C:\Program Files (x86)\Microsoft Visual Studio 10.0\VC\include\cmath(34): error C2059: 语法错误:“;”
     1>C:\Program Files (x86)\Microsoft Visual Studio 10.0\VC\include\cmath(35): error C2061: 语法错误: 标识符“tanl”
     1>C:\Program Files (x86)\Microsoft Visual Studio 10.0\VC\include\cmath(35): error C2059: 语法错误:“;”
     1>C:\Program Files (x86)\Microsoft Visual Studio 10.0\VC\include\cmath(35): error C2061: 语法错误: 标识符“tanhl”
     1>C:\Program Files (x86)\Microsoft Visual Studio 10.0\VC\include\cmath(35): error C2059: 语法错误:“;”
     1>C:\Program Files (x86)\Microsoft Visual Studio 10.0\VC\include\cmath(37): error C2061: 语法错误: 标识符“abs”
     1>C:\Program Files (x86)\Microsoft Visual Studio 10.0\VC\include\cmath(37): error C2059: 语法错误:“;”
     1>C:\Program Files (x86)\Microsoft Visual Studio 10.0\VC\include\cmath(39): error C2061: 语法错误: 标识符“acos”
     1>C:\Program Files (x86)\Microsoft Visual Studio 10.0\VC\include\cmath(39): error C2059: 语法错误:“;”
     1>C:\Program Files (x86)\Microsoft Visual Studio 10.0\VC\include\cmath(39): error C2061: 语法错误: 标识符“asin”
     1>C:\Program Files (x86)\Microsoft Visual Studio 10.0\VC\include\cmath(39): error C2059: 语法错误:“;”
     1>C:\Program Files (x86)\Microsoft Visual Studio 10.0\VC\include\cmath(40): error C2061: 语法错误: 标识符“atan”
     1>C:\Program Files (x86)\Microsoft Visual Studio 10.0\VC\include\cmath(40): error C2059: 语法错误:“;”
     1>C:\Program Files (x86)\Microsoft Visual Studio 10.0\VC\include\cmath(40): error C2061: 语法错误: 标识符“atan2”
     1>C:\Program Files (x86)\Microsoft Visual Studio 10.0\VC\include\cmath(40): error C2059: 语法错误:“;”
     1>C:\Program Files (x86)\Microsoft Visual Studio 10.0\VC\include\cmath(40): error C2061: 语法错误: 标识符“ceil”
     1>C:\Program Files (x86)\Microsoft Visual Studio 10.0\VC\include\cmath(40): error C2059: 语法错误:“;”
     1>C:\Program Files (x86)\Microsoft Visual Studio 10.0\VC\include\cmath(41): error C2061: 语法错误: 标识符“cos”
     1>C:\Program Files (x86)\Microsoft Visual Studio 10.0\VC\include\cmath(41): fatal error C1003: 错误计数超过 100；正在停止编译
     1>已完成生成项目“C:\Users\Lenovo\Documents\Visual Studio 2010\Projects\练习\练习\练习.vcxproj”(build 个目标)的操作 - 失败。

生成失败。

已用时间 00:00:00.50
